   Compiling pexand v0.1.0 (C:\dev\1p\rust\pexand)
error[E0583]: file not found for module `constants`
  --> src\ui\app.rs:17:1
   |
17 | mod constants;
   | ^^^^^^^^^^^^^^
   |
   = help: to create the module `constants`, create file "src\ui\app\constants.rs" or "src\ui\app\constants\mod.rs"
   = note: if there is a `mod constants` elsewhere in the crate already, import it with `use crate::...` instead

error[E0583]: file not found for module `editor`
  --> src\ui\app.rs:18:1
   |
18 | mod editor;
   | ^^^^^^^^^^^
   |
   = help: to create the module `editor`, create file "src\ui\app\editor.rs" or "src\ui\app\editor\mod.rs"
   = note: if there is a `mod editor` elsewhere in the crate already, import it with `use crate::...` instead

error[E0583]: file not found for module `icons`
  --> src\ui\app.rs:19:1
   |
19 | mod icons;
   | ^^^^^^^^^^
   |
   = help: to create the module `icons`, create file "src\ui\app\icons.rs" or "src\ui\app\icons\mod.rs"
   = note: if there is a `mod icons` elsewhere in the crate already, import it with `use crate::...` instead

error[E0583]: file not found for module `styles`
  --> src\ui\app.rs:20:1
   |
20 | mod styles;
   | ^^^^^^^^^^^
   |
   = help: to create the module `styles`, create file "src\ui\app\styles.rs" or "src\ui\app\styles\mod.rs"
   = note: if there is a `mod styles` elsewhere in the crate already, import it with `use crate::...` instead

error[E0425]: cannot find function `focus` in module `text_input`
   --> src\ui\app.rs:268:33
    |
268 |                     text_input::focus(text_input::Id::new(SEARCH_INPUT_ID))
    |                                 ^^^^^ not found in `text_input`
    |
help: consider importing this function
    |
  3 + use iced::widget::operation::focus;
    |
help: if you import `focus`, refer to it directly
    |
268 -                     text_input::focus(text_input::Id::new(SEARCH_INPUT_ID))
268 +                     focus(text_input::Id::new(SEARCH_INPUT_ID))
    |

error[E0433]: failed to resolve: could not find `Id` in `text_input`
   --> src\ui\app.rs:268:51
    |
268 |                     text_input::focus(text_input::Id::new(SEARCH_INPUT_ID))
    |                                                   ^^ could not find `Id` in `text_input`
    |
help: consider importing one of these structs
    |
  3 + use crate::ui::app::window::Id;
    |
  3 + use iced::widget::Id;
    |
  3 + use iced::window::Id;
    |
help: if you import `Id`, refer to it directly
    |
268 -                     text_input::focus(text_input::Id::new(SEARCH_INPUT_ID))
268 +                     text_input::focus(Id::new(SEARCH_INPUT_ID))
    |

error[E0425]: cannot find value `SEARCH_INPUT_ID` in this scope
   --> src\ui\app.rs:268:59
    |
268 |                     text_input::focus(text_input::Id::new(SEARCH_INPUT_ID))
    |                                                           ^^^^^^^^^^^^^^^ not found in this scope
    |
help: consider importing this constant
    |
  3 + use crate::ui::constants::SEARCH_INPUT_ID;
    |

error[E0425]: cannot find function `focus` in module `text_input`
   --> src\ui\app.rs:275:33
    |
275 |                     text_input::focus(text_input::Id::new(LABEL_INPUT_ID))
    |                                 ^^^^^ not found in `text_input`
    |
help: consider importing this function
    |
  3 + use iced::widget::operation::focus;
    |
help: if you import `focus`, refer to it directly
    |
275 -                     text_input::focus(text_input::Id::new(LABEL_INPUT_ID))
275 +                     focus(text_input::Id::new(LABEL_INPUT_ID))
    |

error[E0433]: failed to resolve: could not find `Id` in `text_input`
   --> src\ui\app.rs:275:51
    |
275 |                     text_input::focus(text_input::Id::new(LABEL_INPUT_ID))
    |                                                   ^^ could not find `Id` in `text_input`
    |
help: consider importing one of these structs
    |
  3 + use crate::ui::app::window::Id;
    |
  3 + use iced::widget::Id;
    |
  3 + use iced::window::Id;
    |
help: if you import `Id`, refer to it directly
    |
275 -                     text_input::focus(text_input::Id::new(LABEL_INPUT_ID))
275 +                     text_input::focus(Id::new(LABEL_INPUT_ID))
    |

error[E0425]: cannot find value `LABEL_INPUT_ID` in this scope
   --> src\ui\app.rs:275:59
    |
275 |                     text_input::focus(text_input::Id::new(LABEL_INPUT_ID))
    |                                                           ^^^^^^^^^^^^^^ not found in this scope
    |
help: consider importing this constant
    |
  3 + use crate::ui::constants::LABEL_INPUT_ID;
    |

error[E0425]: cannot find function `focus` in module `text_input`
   --> src\ui\app.rs:283:33
    |
283 |                     text_input::focus(text_input::Id::new(TRIGGER_INPUT_ID))
    |                                 ^^^^^ not found in `text_input`
    |
help: consider importing this function
    |
  3 + use iced::widget::operation::focus;
    |
help: if you import `focus`, refer to it directly
    |
283 -                     text_input::focus(text_input::Id::new(TRIGGER_INPUT_ID))
283 +                     focus(text_input::Id::new(TRIGGER_INPUT_ID))
    |

error[E0433]: failed to resolve: could not find `Id` in `text_input`
   --> src\ui\app.rs:283:51
    |
283 |                     text_input::focus(text_input::Id::new(TRIGGER_INPUT_ID))
    |                                                   ^^ could not find `Id` in `text_input`
    |
help: consider importing one of these structs
    |
  3 + use crate::ui::app::window::Id;
    |
  3 + use iced::widget::Id;
    |
  3 + use iced::window::Id;
    |
help: if you import `Id`, refer to it directly
    |
283 -                     text_input::focus(text_input::Id::new(TRIGGER_INPUT_ID))
283 +                     text_input::focus(Id::new(TRIGGER_INPUT_ID))
    |

error[E0425]: cannot find value `TRIGGER_INPUT_ID` in this scope
   --> src\ui\app.rs:283:59
    |
283 |                     text_input::focus(text_input::Id::new(TRIGGER_INPUT_ID))
    |                                                           ^^^^^^^^^^^^^^^^ not found in this scope
    |
help: consider importing this constant
    |
  3 + use crate::ui::constants::TRIGGER_INPUT_ID;
    |

error[E0404]: expected trait, found struct `iced::Application`
   --> src\ui\app.rs:292:6
    |
292 | impl iced::Application for PexandApp {
    |      ^^^^^^^^^^^^^^^^^ not a trait

error[E0425]: cannot find function `get_oldest` in module `window`
   --> src\ui\app.rs:306:21
    |
306 |             window::get_oldest().and_then(|id| {
    |                     ^^^^^^^^^^ not found in `window`

error[E0425]: cannot find function `change_mode` in module `window`
   --> src\ui\app.rs:308:29
    |
308 |                     window::change_mode(id, window::Mode::Hidden)
    |                             ^^^^^^^^^^^ not found in `window`

error[E0425]: cannot find function `get_oldest` in module `window`
   --> src\ui\app.rs:368:36
    |
368 |                     return window::get_oldest().and_then(|id| {
    |                                    ^^^^^^^^^^ not found in `window`

error[E0425]: cannot find function `change_mode` in module `window`
   --> src\ui\app.rs:371:41
    |
371 | ...                   window::change_mode(id, window::Mode::Windowed),
    |                               ^^^^^^^^^^^ not found in `window`

error[E0425]: cannot find function `focus` in module `text_input`
   --> src\ui\app.rs:373:45
    |
373 | ...                   text_input::focus(text_input::Id::new(SEARCH_INPUT_ID)),
    |                                   ^^^^^ not found in `text_input`
    |
help: consider importing this function
    |
  3 + use iced::widget::operation::focus;
    |
help: if you import `focus`, refer to it directly
    |
373 -                                 text_input::focus(text_input::Id::new(SEARCH_INPUT_ID)),
373 +                                 focus(text_input::Id::new(SEARCH_INPUT_ID)),
    |

error[E0433]: failed to resolve: could not find `Id` in `text_input`
   --> src\ui\app.rs:373:63
    |
373 | ...                   text_input::focus(text_input::Id::new(SEARCH_INPUT_ID)),
    |                                                     ^^ could not find `Id` in `text_input`
    |
help: consider importing one of these structs
    |
  3 + use crate::ui::app::window::Id;
    |
  3 + use iced::widget::Id;
    |
  3 + use iced::window::Id;
    |
help: if you import `Id`, refer to it directly
    |
373 -                                 text_input::focus(text_input::Id::new(SEARCH_INPUT_ID)),
373 +                                 text_input::focus(Id::new(SEARCH_INPUT_ID)),
    |

error[E0425]: cannot find value `SEARCH_INPUT_ID` in this scope
   --> src\ui\app.rs:373:71
    |
373 | ...                   text_input::focus(text_input::Id::new(SEARCH_INPUT_ID)),
    |                                                             ^^^^^^^^^^^^^^^ not found in this scope
    |
help: consider importing this constant
    |
  3 + use crate::ui::constants::SEARCH_INPUT_ID;
    |

error[E0425]: cannot find function `get_oldest` in module `window`
   --> src\ui\app.rs:382:36
    |
382 |                     return window::get_oldest().and_then(|id| {
    |                                    ^^^^^^^^^^ not found in `window`

error[E0425]: cannot find function `change_mode` in module `window`
   --> src\ui\app.rs:384:37
    |
384 | ...                   window::change_mode(id, window::Mode::Hidden)
    |                               ^^^^^^^^^^^ not found in `window`

error[E0425]: cannot find function `get_oldest` in module `window`
   --> src\ui\app.rs:408:48
    |
408 | ...                   return window::get_oldest().and_then(|id| {
    |                                      ^^^^^^^^^^ not found in `window`

error[E0425]: cannot find function `change_mode` in module `window`
   --> src\ui\app.rs:410:49
    |
410 | ...                   window::change_mode(id, window::Mode::Hidden)
    |                               ^^^^^^^^^^^ not found in `window`

error[E0425]: cannot find value `ICON_EXPAND` in this scope
   --> src\ui\app.rs:557:30
    |
557 |         let icon_text = text(ICON_EXPAND)
    |                              ^^^^^^^^^^^ not found in this scope
    |
help: consider importing this constant
    |
  3 + use crate::ui::constants::ICON_EXPAND;
    |

error[E0425]: cannot find value `ICON_FONT` in this scope
   --> src\ui\app.rs:558:19
    |
558 |             .font(ICON_FONT)
    |                   ^^^^^^^^^ not found in this scope
    |
help: consider importing this constant
    |
  3 + use crate::ui::constants::ICON_FONT;
    |

error[E0425]: cannot find value `COLOR_ACCENT` in this scope
   --> src\ui\app.rs:560:20
    |
560 |             .color(COLOR_ACCENT);
    |                    ^^^^^^^^^^^^ not found in this scope
    |
help: consider importing this constant
    |
  3 + use crate::ui::constants::COLOR_ACCENT;
    |

error[E0425]: cannot find value `COLOR_BUTTON_BG` in this scope
   --> src\ui\app.rs:566:62
    |
566 |                     background: Some(iced::Background::Color(COLOR_BUTTON_BG)),
    |                                                              ^^^^^^^^^^^^^^^ not found in this scope
    |
help: consider importing this constant
    |
  3 + use crate::ui::constants::COLOR_BUTTON_BG;
    |

error[E0425]: cannot find value `UI_FONT` in this scope
   --> src\ui\app.rs:576:19
    |
576 |             .font(UI_FONT)
    |                   ^^^^^^^ not found in this scope
    |
help: consider importing this constant
    |
  3 + use crate::ui::constants::UI_FONT;
    |

error[E0425]: cannot find value `COLOR_TEXT` in this scope
   --> src\ui\app.rs:578:20
    |
578 |             .color(COLOR_TEXT);
    |                    ^^^^^^^^^^ not found in this scope
    |
help: consider importing this constant
    |
  3 + use crate::ui::constants::COLOR_TEXT;
    |

error[E0425]: cannot find value `ICON_HELP` in this scope
   --> src\ui\app.rs:580:30
    |
580 |         let help_icon = text(ICON_HELP)
    |                              ^^^^^^^^^ not found in this scope
    |
help: consider importing this constant
    |
  3 + use crate::ui::constants::ICON_HELP;
    |

error[E0425]: cannot find value `ICON_FONT` in this scope
   --> src\ui\app.rs:581:19
    |
581 |             .font(ICON_FONT)
    |                   ^^^^^^^^^ not found in this scope
    |
help: consider importing this constant
    |
  3 + use crate::ui::constants::ICON_FONT;
    |

error[E0425]: cannot find value `COLOR_MUTED` in this scope
   --> src\ui\app.rs:583:20
    |
583 |             .color(COLOR_MUTED)
    |                    ^^^^^^^^^^^ not found in this scope
    |
help: consider importing this constant
    |
  3 + use crate::ui::constants::COLOR_MUTED;
    |

error[E0425]: cannot find value `ICON_ADD` in this scope
   --> src\ui\app.rs:598:29
    |
598 |         let new_icon = text(ICON_ADD)
    |                             ^^^^^^^^ not found in this scope
    |
help: consider importing this constant
    |
  3 + use crate::ui::constants::ICON_ADD;
    |

error[E0425]: cannot find value `ICON_FONT` in this scope
   --> src\ui\app.rs:599:19
    |
599 |             .font(ICON_FONT)
    |                   ^^^^^^^^^ not found in this scope
    |
help: consider importing this constant
    |
  3 + use crate::ui::constants::ICON_FONT;
    |

error[E0425]: cannot find value `COLOR_ACCENT` in this scope
   --> src\ui\app.rs:601:20
    |
601 |             .color(COLOR_ACCENT)
    |                    ^^^^^^^^^^^^ not found in this scope
    |
help: consider importing this constant
    |
  3 + use crate::ui::constants::COLOR_ACCENT;
    |

error[E0425]: cannot find value `ICON_SEARCH` in this scope
   --> src\ui\app.rs:628:32
    |
628 |         let search_icon = text(ICON_SEARCH)
    |                                ^^^^^^^^^^^ not found in this scope
    |
help: consider importing this constant
    |
  3 + use crate::ui::constants::ICON_SEARCH;
    |

error[E0425]: cannot find value `ICON_FONT` in this scope
   --> src\ui\app.rs:629:19
    |
629 |             .font(ICON_FONT)
    |                   ^^^^^^^^^ not found in this scope
    |
help: consider importing this constant
    |
  3 + use crate::ui::constants::ICON_FONT;
    |

error[E0425]: cannot find value `COLOR_MUTED` in this scope
   --> src\ui\app.rs:631:20
    |
631 |             .color(COLOR_MUTED);
    |                    ^^^^^^^^^^^ not found in this scope
    |
help: consider importing this constant
    |
  3 + use crate::ui::constants::COLOR_MUTED;
    |

error[E0425]: cannot find value `UI_FONT` in this scope
   --> src\ui\app.rs:637:19
    |
637 |             .font(UI_FONT)
    |                   ^^^^^^^ not found in this scope
    |
help: consider importing this constant
    |
  3 + use crate::ui::constants::UI_FONT;
    |

error[E0433]: failed to resolve: could not find `Id` in `text_input`
   --> src\ui\app.rs:639:29
    |
639 |             .id(text_input::Id::new(SEARCH_INPUT_ID));
    |                             ^^ could not find `Id` in `text_input`
    |
help: consider importing one of these structs
    |
  3 + use crate::ui::app::window::Id;
    |
  3 + use iced::widget::Id;
    |
  3 + use iced::window::Id;
    |
help: if you import `Id`, refer to it directly
    |
639 -             .id(text_input::Id::new(SEARCH_INPUT_ID));
639 +             .id(Id::new(SEARCH_INPUT_ID));
    |

error[E0425]: cannot find value `SEARCH_INPUT_ID` in this scope
   --> src\ui\app.rs:639:37
    |
639 |             .id(text_input::Id::new(SEARCH_INPUT_ID));
    |                                     ^^^^^^^^^^^^^^^ not found in this scope
    |
help: consider importing this constant
    |
  3 + use crate::ui::constants::SEARCH_INPUT_ID;
    |

error[E0425]: cannot find value `UI_FONT` in this scope
   --> src\ui\app.rs:655:27
    |
655 |                     .font(UI_FONT)
    |                           ^^^^^^^ not found in this scope
    |
help: consider importing this constant
    |
  3 + use crate::ui::constants::UI_FONT;
    |

error[E0425]: cannot find value `COLOR_MUTED` in this scope
   --> src\ui\app.rs:657:28
    |
657 |                     .color(COLOR_MUTED),
    |                            ^^^^^^^^^^^ not found in this scope
    |
help: consider importing this constant
    |
  3 + use crate::ui::constants::COLOR_MUTED;
    |

error[E0425]: cannot find value `UI_FONT` in this scope
   --> src\ui\app.rs:676:27
    |
676 |                     .font(UI_FONT)
    |                           ^^^^^^^ not found in this scope
    |
help: consider importing this constant
    |
  3 + use crate::ui::constants::UI_FONT;
    |

error[E0425]: cannot find value `COLOR_TEXT` in this scope
   --> src\ui\app.rs:678:28
    |
678 |                     .color(COLOR_TEXT);
    |                            ^^^^^^^^^^ not found in this scope
    |
help: consider importing this constant
    |
  3 + use crate::ui::constants::COLOR_TEXT;
    |

error[E0425]: cannot find value `UI_FONT` in this scope
   --> src\ui\app.rs:690:27
    |
690 |                     .font(UI_FONT)
    |                           ^^^^^^^ not found in this scope
    |
help: consider importing this constant
    |
  3 + use crate::ui::constants::UI_FONT;
    |

error[E0425]: cannot find value `COLOR_MUTED` in this scope
   --> src\ui\app.rs:692:28
    |
692 |                     .color(COLOR_MUTED);
    |                            ^^^^^^^^^^^ not found in this scope
    |
help: consider importing this constant
    |
  3 + use crate::ui::constants::COLOR_MUTED;
    |

error[E0433]: failed to resolve: could not find `Button` in `theme`
   --> src\ui\app.rs:701:41
    |
701 |                     .style(iced::theme::Button::Text);
    |                                         ^^^^^^ could not find `Button` in `theme`
    |
help: consider importing one of these items
    |
  3 + use crate::ui::app::button::Button;
    |
  3 + use enigo::Button;
    |
  3 + use iced::mouse::Button;
    |
  3 + use iced::widget::Button;
    |
    = and 1 other candidate
help: if you import `Button`, refer to it directly
    |
701 -                     .style(iced::theme::Button::Text);
701 +                     .style(Button::Text);
    |

error[E0425]: cannot find value `ICON_EDIT` in this scope
   --> src\ui\app.rs:704:38
    |
704 |                 let edit_icon = text(ICON_EDIT)
    |                                      ^^^^^^^^^ not found in this scope
    |
help: consider importing this constant
    |
  3 + use crate::ui::constants::ICON_EDIT;
    |

error[E0425]: cannot find value `ICON_FONT` in this scope
   --> src\ui\app.rs:705:27
    |
705 |                     .font(ICON_FONT)
    |                           ^^^^^^^^^ not found in this scope
    |
help: consider importing this constant
    |
  3 + use crate::ui::constants::ICON_FONT;
    |

error[E0425]: cannot find value `COLOR_MUTED` in this scope
   --> src\ui\app.rs:707:28
    |
707 |                     .color(COLOR_MUTED)
    |                            ^^^^^^^^^^^ not found in this scope
    |
help: consider importing this constant
    |
  3 + use crate::ui::constants::COLOR_MUTED;
    |

error[E0425]: cannot find value `ICON_DELETE` in this scope
   --> src\ui\app.rs:722:40
    |
722 |                 let delete_icon = text(ICON_DELETE)
    |                                        ^^^^^^^^^^^ not found in this scope
    |
help: consider importing this constant
    |
  3 + use crate::ui::constants::ICON_DELETE;
    |

error[E0425]: cannot find value `ICON_FONT` in this scope
   --> src\ui\app.rs:723:27
    |
723 |                     .font(ICON_FONT)
    |                           ^^^^^^^^^ not found in this scope
    |
help: consider importing this constant
    |
  3 + use crate::ui::constants::ICON_FONT;
    |

error[E0425]: cannot find value `COLOR_MUTED` in this scope
   --> src\ui\app.rs:725:28
    |
725 |                     .color(COLOR_MUTED)
    |                            ^^^^^^^^^^^ not found in this scope
    |
help: consider importing this constant
    |
  3 + use crate::ui::constants::COLOR_MUTED;
    |

error[E0425]: cannot find value `COLOR_CARD_ACTIVE` in this scope
   --> src\ui\app.rs:750:70
    |
750 | ...                   background: Some(iced::Background::Color(COLOR_CARD_ACTIVE)),
    |                                                                ^^^^^^^^^^^^^^^^^ not found in this scope
    |
help: consider importing this constant
    |
  3 + use crate::ui::constants::COLOR_CARD_ACTIVE;
    |

error[E0425]: cannot find value `COLOR_ACCENT` in this scope
   --> src\ui\app.rs:752:40
    |
752 | ...                   color: COLOR_ACCENT,
    |                              ^^^^^^^^^^^^ not found in this scope
    |
help: consider importing this constant
    |
  3 + use crate::ui::constants::COLOR_ACCENT;
    |

error[E0425]: cannot find value `COLOR_CARD` in this scope
   --> src\ui\app.rs:760:70
    |
760 | ...                   background: Some(iced::Background::Color(COLOR_CARD)),
    |                                                                ^^^^^^^^^^ not found in this scope
    |
help: consider importing this constant
    |
  3 + use crate::ui::constants::COLOR_CARD;
    |

error[E0425]: cannot find value `COLOR_BORDER` in this scope
   --> src\ui\app.rs:762:40
    |
762 | ...                   color: COLOR_BORDER,
    |                              ^^^^^^^^^^^^ not found in this scope
    |
help: consider importing this constant
    |
  3 + use crate::ui::constants::COLOR_BORDER;
    |

error[E0425]: cannot find value `UI_FONT` in this scope
   --> src\ui\app.rs:780:19
    |
780 |             .font(UI_FONT)
    |                   ^^^^^^^ not found in this scope
    |
help: consider importing this constant
    |
  3 + use crate::ui::constants::UI_FONT;
    |

error[E0425]: cannot find value `COLOR_MUTED` in this scope
   --> src\ui\app.rs:782:20
    |
782 |             .color(COLOR_MUTED);
    |                    ^^^^^^^^^^^ not found in this scope
    |
help: consider importing this constant
    |
  3 + use crate::ui::constants::COLOR_MUTED;
    |

error[E0425]: cannot find value `COLOR_BG` in this scope
   --> src\ui\app.rs:796:58
    |
796 |                 background: Some(iced::Background::Color(COLOR_BG)),
    |                                                          ^^^^^^^^ not found in this scope
    |
help: consider importing this constant
    |
  3 + use crate::ui::constants::COLOR_BG;
    |

error[E0425]: cannot find value `ICON_EXPAND` in this scope
   --> src\ui\app.rs:810:34
    |
810 |             let icon_text = text(ICON_EXPAND)
    |                                  ^^^^^^^^^^^ not found in this scope
    |
help: consider importing this constant
    |
  3 + use crate::ui::constants::ICON_EXPAND;
    |

error[E0425]: cannot find value `ICON_FONT` in this scope
   --> src\ui\app.rs:811:23
    |
811 |                 .font(ICON_FONT)
    |                       ^^^^^^^^^ not found in this scope
    |
help: consider importing this constant
    |
  3 + use crate::ui::constants::ICON_FONT;
    |

error[E0425]: cannot find value `COLOR_ACCENT` in this scope
   --> src\ui\app.rs:813:24
    |
813 |                 .color(COLOR_ACCENT);
    |                        ^^^^^^^^^^^^ not found in this scope
    |
help: consider importing this constant
    |
  3 + use crate::ui::constants::COLOR_ACCENT;
    |

error[E0425]: cannot find value `COLOR_BUTTON_BG` in this scope
   --> src\ui\app.rs:819:66
    |
819 |                         background: Some(iced::Background::Color(COLOR_BUTTON_BG)),
    |                                                                  ^^^^^^^^^^^^^^^ not found in this scope
    |
help: consider importing this constant
    |
  3 + use crate::ui::constants::COLOR_BUTTON_BG;
    |

error[E0425]: cannot find value `UI_FONT` in this scope
   --> src\ui\app.rs:831:27
    |
831 |                     .font(UI_FONT)
    |                           ^^^^^^^ not found in this scope
    |
help: consider importing this constant
    |
  3 + use crate::ui::constants::UI_FONT;
    |

error[E0425]: cannot find value `COLOR_TEXT` in this scope
   --> src\ui\app.rs:833:28
    |
833 |                     .color(COLOR_TEXT)
    |                            ^^^^^^^^^^ not found in this scope
    |
help: consider importing this constant
    |
  3 + use crate::ui::constants::COLOR_TEXT;
    |

error[E0425]: cannot find value `UI_FONT` in this scope
   --> src\ui\app.rs:841:23
    |
841 |                 .font(UI_FONT)
    |                       ^^^^^^^ not found in this scope
    |
help: consider importing this constant
    |
  3 + use crate::ui::constants::UI_FONT;
    |

error[E0425]: cannot find value `COLOR_MUTED` in this scope
   --> src\ui\app.rs:843:24
    |
843 |                 .color(COLOR_MUTED);
    |                        ^^^^^^^^^^^ not found in this scope
    |
help: consider importing this constant
    |
  3 + use crate::ui::constants::COLOR_MUTED;
    |

error[E0425]: cannot find value `UI_FONT` in this scope
   --> src\ui\app.rs:847:23
    |
847 |                 .font(UI_FONT)
    |                       ^^^^^^^ not found in this scope
    |
help: consider importing this constant
    |
  3 + use crate::ui::constants::UI_FONT;
    |

error[E0433]: failed to resolve: could not find `Id` in `text_input`
   --> src\ui\app.rs:849:33
    |
849 |                 .id(text_input::Id::new(TRIGGER_INPUT_ID));
    |                                 ^^ could not find `Id` in `text_input`
    |
help: consider importing one of these structs
    |
  3 + use crate::ui::app::window::Id;
    |
  3 + use iced::widget::Id;
    |
  3 + use iced::window::Id;
    |
help: if you import `Id`, refer to it directly
    |
849 -                 .id(text_input::Id::new(TRIGGER_INPUT_ID));
849 +                 .id(Id::new(TRIGGER_INPUT_ID));
    |

error[E0425]: cannot find value `TRIGGER_INPUT_ID` in this scope
   --> src\ui\app.rs:849:41
    |
849 |                 .id(text_input::Id::new(TRIGGER_INPUT_ID));
    |                                         ^^^^^^^^^^^^^^^^ not found in this scope
    |
help: consider importing this constant
    |
  3 + use crate::ui::constants::TRIGGER_INPUT_ID;
    |

error[E0425]: cannot find value `UI_FONT` in this scope
   --> src\ui\app.rs:852:23
    |
852 |                 .font(UI_FONT)
    |                       ^^^^^^^ not found in this scope
    |
help: consider importing this constant
    |
  3 + use crate::ui::constants::UI_FONT;
    |

error[E0425]: cannot find value `COLOR_MUTED` in this scope
   --> src\ui\app.rs:854:24
    |
854 |                 .color(COLOR_MUTED);
    |                        ^^^^^^^^^^^ not found in this scope
    |
help: consider importing this constant
    |
  3 + use crate::ui::constants::COLOR_MUTED;
    |

error[E0425]: cannot find value `UI_FONT` in this scope
   --> src\ui\app.rs:858:23
    |
858 |                 .font(UI_FONT)
    |                       ^^^^^^^ not found in this scope
    |
help: consider importing this constant
    |
  3 + use crate::ui::constants::UI_FONT;
    |

error[E0433]: failed to resolve: could not find `Id` in `text_input`
   --> src\ui\app.rs:860:33
    |
860 |                 .id(text_input::Id::new(LABEL_INPUT_ID));
    |                                 ^^ could not find `Id` in `text_input`
    |
help: consider importing one of these structs
    |
  3 + use crate::ui::app::window::Id;
    |
  3 + use iced::widget::Id;
    |
  3 + use iced::window::Id;
    |
help: if you import `Id`, refer to it directly
    |
860 -                 .id(text_input::Id::new(LABEL_INPUT_ID));
860 +                 .id(Id::new(LABEL_INPUT_ID));
    |

error[E0425]: cannot find value `LABEL_INPUT_ID` in this scope
   --> src\ui\app.rs:860:41
    |
860 |                 .id(text_input::Id::new(LABEL_INPUT_ID));
    |                                         ^^^^^^^^^^^^^^ not found in this scope
    |
help: consider importing this constant
    |
  3 + use crate::ui::constants::LABEL_INPUT_ID;
    |

error[E0425]: cannot find value `UI_FONT` in this scope
   --> src\ui\app.rs:863:23
    |
863 |                 .font(UI_FONT)
    |                       ^^^^^^^ not found in this scope
    |
help: consider importing this constant
    |
  3 + use crate::ui::constants::UI_FONT;
    |

error[E0425]: cannot find value `COLOR_MUTED` in this scope
   --> src\ui\app.rs:865:24
    |
865 |                 .color(COLOR_MUTED);
    |                        ^^^^^^^^^^^ not found in this scope
    |
help: consider importing this constant
    |
  3 + use crate::ui::constants::COLOR_MUTED;
    |

error[E0425]: cannot find value `UI_FONT` in this scope
   --> src\ui\app.rs:870:23
    |
870 |                 .font(UI_FONT)
    |                       ^^^^^^^ not found in this scope
    |
help: consider importing this constant
    |
  3 + use crate::ui::constants::UI_FONT;
    |

error[E0425]: cannot find value `COLOR_PANEL` in this scope
   --> src\ui\app.rs:877:62
    |
877 |                     background: Some(iced::Background::Color(COLOR_PANEL)),
    |                                                              ^^^^^^^^^^^ not found in this scope
    |
help: consider importing this constant
    |
  3 + use crate::ui::constants::COLOR_PANEL;
    |

error[E0425]: cannot find value `COLOR_BORDER` in this scope
   --> src\ui\app.rs:879:32
    |
879 |                         color: COLOR_BORDER,
    |                                ^^^^^^^^^^^^ not found in this scope
    |
help: consider importing this constant
    |
  3 + use crate::ui::constants::COLOR_BORDER;
    |

error[E0425]: cannot find value `COLOR_CARD` in this scope
   --> src\ui\app.rs:903:58
    |
903 |                 background: Some(iced::Background::Color(COLOR_CARD)),
    |                                                          ^^^^^^^^^^ not found in this scope
    |
help: consider importing this constant
    |
  3 + use crate::ui::constants::COLOR_CARD;
    |

error[E0425]: cannot find value `COLOR_BORDER` in this scope
   --> src\ui\app.rs:905:28
    |
905 |                     color: COLOR_BORDER,
    |                            ^^^^^^^^^^^^ not found in this scope
    |
help: consider importing this constant
    |
  3 + use crate::ui::constants::COLOR_BORDER;
    |

error[E0425]: cannot find value `ICON_SAVE` in this scope
   --> src\ui\app.rs:913:34
    |
913 |             let save_icon = text(ICON_SAVE)
    |                                  ^^^^^^^^^ not found in this scope
    |
help: consider importing this constant
    |
  3 + use crate::ui::constants::ICON_SAVE;
    |

error[E0425]: cannot find value `ICON_FONT` in this scope
   --> src\ui\app.rs:914:23
    |
914 |                 .font(ICON_FONT)
    |                       ^^^^^^^^^ not found in this scope
    |
help: consider importing this constant
    |
  3 + use crate::ui::constants::ICON_FONT;
    |

error[E0425]: cannot find value `COLOR_ACCENT` in this scope
   --> src\ui\app.rs:916:24
    |
916 |                 .color(COLOR_ACCENT);
    |                        ^^^^^^^^^^^^ not found in this scope
    |
help: consider importing this constant
    |
  3 + use crate::ui::constants::COLOR_ACCENT;
    |

error[E0425]: cannot find value `UI_FONT` in this scope
   --> src\ui\app.rs:920:55
    |
920 |                     row![save_icon, text("Save").font(UI_FONT).size(13)]
    |                                                       ^^^^^^^ not found in this scope
    |
help: consider importing this constant
    |
  3 + use crate::ui::constants::UI_FONT;
    |

error[E0425]: cannot find value `ICON_CANCEL` in this scope
   --> src\ui\app.rs:933:36
    |
933 |             let cancel_icon = text(ICON_CANCEL)
    |                                    ^^^^^^^^^^^ not found in this scope
    |
help: consider importing this constant
    |
  3 + use crate::ui::constants::ICON_CANCEL;
    |

error[E0425]: cannot find value `ICON_FONT` in this scope
   --> src\ui\app.rs:934:23
    |
934 |                 .font(ICON_FONT)
    |                       ^^^^^^^^^ not found in this scope
    |
help: consider importing this constant
    |
  3 + use crate::ui::constants::ICON_FONT;
    |

error[E0425]: cannot find value `COLOR_MUTED` in this scope
   --> src\ui\app.rs:936:24
    |
936 |                 .color(COLOR_MUTED);
    |                        ^^^^^^^^^^^ not found in this scope
    |
help: consider importing this constant
    |
  3 + use crate::ui::constants::COLOR_MUTED;
    |

error[E0425]: cannot find value `UI_FONT` in this scope
   --> src\ui\app.rs:940:59
    |
940 |                     row![cancel_icon, text("Cancel").font(UI_FONT).size(13)]
    |                                                           ^^^^^^^ not found in this scope
    |
help: consider importing this constant
    |
  3 + use crate::ui::constants::UI_FONT;
    |

error[E0425]: cannot find value `UI_FONT` in this scope
   --> src\ui\app.rs:959:23
    |
959 |                 .font(UI_FONT)
    |                       ^^^^^^^ not found in this scope
    |
help: consider importing this constant
    |
  3 + use crate::ui::constants::UI_FONT;
    |

error[E0425]: cannot find value `COLOR_MUTED` in this scope
   --> src\ui\app.rs:961:24
    |
961 |                 .color(COLOR_MUTED);
    |                        ^^^^^^^^^^^ not found in this scope
    |
help: consider importing this constant
    |
  3 + use crate::ui::constants::COLOR_MUTED;
    |

error[E0425]: cannot find value `COLOR_BG` in this scope
   --> src\ui\app.rs:980:62
    |
980 |                     background: Some(iced::Background::Color(COLOR_BG)),
    |                                                              ^^^^^^^^ not found in this scope
    |
help: consider importing this constant
    |
  3 + use crate::ui::constants::COLOR_BG;
    |

error[E0425]: cannot find value `ICON_EXPAND` in this scope
   --> src\ui\app.rs:990:30
    |
990 |         let icon_text = text(ICON_EXPAND)
    |                              ^^^^^^^^^^^ not found in this scope
    |
help: consider importing this constant
    |
  3 + use crate::ui::constants::ICON_EXPAND;
    |

error[E0425]: cannot find value `ICON_FONT` in this scope
   --> src\ui\app.rs:991:19
    |
991 |             .font(ICON_FONT)
    |                   ^^^^^^^^^ not found in this scope
    |
help: consider importing this constant
    |
  3 + use crate::ui::constants::ICON_FONT;
    |

error[E0425]: cannot find value `COLOR_ACCENT` in this scope
   --> src\ui\app.rs:993:20
    |
993 |             .color(COLOR_ACCENT);
    |                    ^^^^^^^^^^^^ not found in this scope
    |
help: consider importing this constant
    |
  3 + use crate::ui::constants::COLOR_ACCENT;
    |

error[E0425]: cannot find value `COLOR_BUTTON_BG` in this scope
   --> src\ui\app.rs:999:62
    |
999 |                     background: Some(iced::Background::Color(COLOR_BUTTON_BG)),
    |                                                              ^^^^^^^^^^^^^^^ not found in this scope
    |
help: consider importing this constant
    |
  3 + use crate::ui::constants::COLOR_BUTTON_BG;
    |

error[E0425]: cannot find value `UI_FONT` in this scope
    --> src\ui\app.rs:1009:19
     |
1009 |             .font(UI_FONT)
     |                   ^^^^^^^ not found in this scope
     |
help: consider importing this constant
     |
   3 + use crate::ui::constants::UI_FONT;
     |

error[E0425]: cannot find value `COLOR_TEXT` in this scope
    --> src\ui\app.rs:1011:20
     |
1011 |             .color(COLOR_TEXT);
     |                    ^^^^^^^^^^ not found in this scope
     |
help: consider importing this constant
     |
   3 + use crate::ui::constants::COLOR_TEXT;
     |

error[E0425]: cannot find value `UI_FONT` in this scope
    --> src\ui\app.rs:1018:19
     |
1018 |             .font(UI_FONT)
     |                   ^^^^^^^ not found in this scope
     |
help: consider importing this constant
     |
   3 + use crate::ui::constants::UI_FONT;
     |

error[E0425]: cannot find value `COLOR_ACCENT` in this scope
    --> src\ui\app.rs:1020:20
     |
1020 |             .color(COLOR_ACCENT);
     |                    ^^^^^^^^^^^^ not found in this scope
     |
help: consider importing this constant
     |
   3 + use crate::ui::constants::COLOR_ACCENT;
     |

error[E0425]: cannot find value `UI_FONT` in this scope
    --> src\ui\app.rs:1023:19
     |
1023 |             .font(UI_FONT)
     |                   ^^^^^^^ not found in this scope
     |
help: consider importing this constant
     |
   3 + use crate::ui::constants::UI_FONT;
     |

error[E0425]: cannot find value `COLOR_TEXT` in this scope
    --> src\ui\app.rs:1025:20
     |
1025 |             .color(COLOR_TEXT)
     |                    ^^^^^^^^^^ not found in this scope
     |
help: consider importing this constant
     |
   3 + use crate::ui::constants::COLOR_TEXT;
     |

error[E0425]: cannot find value `UI_FONT` in this scope
    --> src\ui\app.rs:1029:19
     |
1029 |             .font(UI_FONT)
     |                   ^^^^^^^ not found in this scope
     |
help: consider importing this constant
     |
   3 + use crate::ui::constants::UI_FONT;
     |

error[E0425]: cannot find value `COLOR_ACCENT` in this scope
    --> src\ui\app.rs:1031:20
     |
1031 |             .color(COLOR_ACCENT);
     |                    ^^^^^^^^^^^^ not found in this scope
     |
help: consider importing this constant
     |
   3 + use crate::ui::constants::COLOR_ACCENT;
     |

error[E0425]: cannot find value `UI_FONT` in this scope
    --> src\ui\app.rs:1046:19
     |
1046 |             .font(UI_FONT)
     |                   ^^^^^^^ not found in this scope
     |
help: consider importing this constant
     |
   3 + use crate::ui::constants::UI_FONT;
     |

error[E0425]: cannot find value `COLOR_ACCENT` in this scope
    --> src\ui\app.rs:1048:20
     |
1048 |             .color(COLOR_ACCENT);
     |                    ^^^^^^^^^^^^ not found in this scope
     |
help: consider importing this constant
     |
   3 + use crate::ui::constants::COLOR_ACCENT;
     |

error[E0425]: cannot find value `UI_FONT` in this scope
    --> src\ui\app.rs:1052:19
     |
1052 |             .font(UI_FONT)
     |                   ^^^^^^^ not found in this scope
     |
help: consider importing this constant
     |
   3 + use crate::ui::constants::UI_FONT;
     |

error[E0425]: cannot find value `COLOR_MUTED` in this scope
    --> src\ui\app.rs:1054:20
     |
1054 |             .color(COLOR_MUTED);
     |                    ^^^^^^^^^^^ not found in this scope
     |
help: consider importing this constant
     |
   3 + use crate::ui::constants::COLOR_MUTED;
     |

error[E0425]: cannot find value `UI_FONT` in this scope
    --> src\ui\app.rs:1057:19
     |
1057 |             .font(UI_FONT)
     |                   ^^^^^^^ not found in this scope
     |
help: consider importing this constant
     |
   3 + use crate::ui::constants::UI_FONT;
     |

error[E0425]: cannot find value `COLOR_ACCENT` in this scope
    --> src\ui\app.rs:1059:20
     |
1059 |             .color(COLOR_ACCENT);
     |                    ^^^^^^^^^^^^ not found in this scope
     |
help: consider importing this constant
     |
   3 + use crate::ui::constants::COLOR_ACCENT;
     |

error[E0433]: failed to resolve: could not find `Button` in `theme`
    --> src\ui\app.rs:1064:33
     |
1064 |             .style(iced::theme::Button::Text);
     |                                 ^^^^^^ could not find `Button` in `theme`
     |
help: consider importing one of these items
     |
   3 + use crate::ui::app::button::Button;
     |
   3 + use enigo::Button;
     |
   3 + use iced::mouse::Button;
     |
   3 + use iced::widget::Button;
     |
     = and 1 other candidate
help: if you import `Button`, refer to it directly
     |
1064 -             .style(iced::theme::Button::Text);
1064 +             .style(Button::Text);
     |

error[E0425]: cannot find value `UI_FONT` in this scope
    --> src\ui\app.rs:1067:19
     |
1067 |             .font(UI_FONT)
     |                   ^^^^^^^ not found in this scope
     |
help: consider importing this constant
     |
   3 + use crate::ui::constants::UI_FONT;
     |

error[E0425]: cannot find value `COLOR_MUTED` in this scope
    --> src\ui\app.rs:1069:20
     |
1069 |             .color(COLOR_MUTED);
     |                    ^^^^^^^^^^^ not found in this scope
     |
help: consider importing this constant
     |
   3 + use crate::ui::constants::COLOR_MUTED;
     |

error[E0425]: cannot find value `UI_FONT` in this scope
    --> src\ui\app.rs:1076:23
     |
1076 |                 .font(UI_FONT)
     |                       ^^^^^^^ not found in this scope
     |
help: consider importing this constant
     |
   3 + use crate::ui::constants::UI_FONT;
     |

error[E0425]: cannot find value `COLOR_ACCENT` in this scope
    --> src\ui\app.rs:1078:24
     |
1078 |                 .color(COLOR_ACCENT),
     |                        ^^^^^^^^^^^^ not found in this scope
     |
help: consider importing this constant
     |
   3 + use crate::ui::constants::COLOR_ACCENT;
     |

error[E0425]: cannot find value `COLOR_CARD` in this scope
    --> src\ui\app.rs:1109:54
     |
1109 |             background: Some(iced::Background::Color(COLOR_CARD)),
     |                                                      ^^^^^^^^^^ not found in this scope
     |
help: consider importing this constant
     |
   3 + use crate::ui::constants::COLOR_CARD;
     |

error[E0425]: cannot find value `COLOR_BORDER` in this scope
    --> src\ui\app.rs:1111:24
     |
1111 |                 color: COLOR_BORDER,
     |                        ^^^^^^^^^^^^ not found in this scope
     |
help: consider importing this constant
     |
   3 + use crate::ui::constants::COLOR_BORDER;
     |

error[E0425]: cannot find value `COLOR_BG` in this scope
    --> src\ui\app.rs:1125:58
     |
1125 |                 background: Some(iced::Background::Color(COLOR_BG)),
     |                                                          ^^^^^^^^ not found in this scope
     |
help: consider importing this constant
     |
   3 + use crate::ui::constants::COLOR_BG;
     |

error[E0425]: cannot find value `UI_FONT` in this scope
    --> src\ui\app.rs:1136:23
     |
1136 |                 .font(UI_FONT)
     |                       ^^^^^^^ not found in this scope
     |
help: consider importing this constant
     |
   3 + use crate::ui::constants::UI_FONT;
     |

error[E0425]: cannot find value `COLOR_ACCENT` in this scope
    --> src\ui\app.rs:1138:24
     |
1138 |                 .color(COLOR_ACCENT)
     |                        ^^^^^^^^^^^^ not found in this scope
     |
help: consider importing this constant
     |
   3 + use crate::ui::constants::COLOR_ACCENT;
     |

error[E0425]: cannot find value `COLOR_BUTTON_BG` in this scope
    --> src\ui\app.rs:1142:54
     |
1142 |             background: Some(iced::Background::Color(COLOR_BUTTON_BG)),
     |                                                      ^^^^^^^^^^^^^^^ not found in this scope
     |
help: consider importing this constant
     |
   3 + use crate::ui::constants::COLOR_BUTTON_BG;
     |

error[E0425]: cannot find value `UI_FONT` in this scope
    --> src\ui\app.rs:1152:19
     |
1152 |             .font(UI_FONT)
     |                   ^^^^^^^ not found in this scope
     |
help: consider importing this constant
     |
   3 + use crate::ui::constants::UI_FONT;
     |

error[E0425]: cannot find value `COLOR_TEXT` in this scope
    --> src\ui\app.rs:1154:20
     |
1154 |             .color(COLOR_TEXT),
     |                    ^^^^^^^^^^ not found in this scope
     |
help: consider importing this constant
     |
   3 + use crate::ui::constants::COLOR_TEXT;
     |

error[E0405]: cannot find trait `StyleSheet` in module `button`
  --> src\ui\styles.rs:11:14
   |
11 | impl button::StyleSheet for ModernButtonStyle {
   |              ^^^^^^^^^^ not found in `button`

error[E0412]: cannot find type `Appearance` in module `button`
  --> src\ui\styles.rs:14:55
   |
14 |     fn active(&self, _style: &Self::Style) -> button::Appearance {
   |                                                       ^^^^^^^^^^ not found in `button`

error[E0422]: cannot find struct, variant or union type `Appearance` in module `button`
  --> src\ui\styles.rs:15:17
   |
15 |         button::Appearance {
   |                 ^^^^^^^^^^ not found in `button`

error[E0412]: cannot find type `Appearance` in module `button`
  --> src\ui\styles.rs:27:56
   |
27 |     fn hovered(&self, _style: &Self::Style) -> button::Appearance {
   |                                                        ^^^^^^^^^^ not found in `button`

error[E0422]: cannot find struct, variant or union type `Appearance` in module `button`
  --> src\ui\styles.rs:28:17
   |
28 |         button::Appearance {
   |                 ^^^^^^^^^^ not found in `button`

error[E0412]: cannot find type `Appearance` in module `button`
  --> src\ui\styles.rs:40:56
   |
40 |     fn pressed(&self, _style: &Self::Style) -> button::Appearance {
   |                                                        ^^^^^^^^^^ not found in `button`

error[E0422]: cannot find struct, variant or union type `Appearance` in module `button`
  --> src\ui\styles.rs:41:17
   |
41 |         button::Appearance {
   |                 ^^^^^^^^^^ not found in `button`

error[E0405]: cannot find trait `StyleSheet` in module `button`
  --> src\ui\styles.rs:57:14
   |
57 | impl button::StyleSheet for SubtleButtonStyle {
   |              ^^^^^^^^^^ not found in `button`

error[E0412]: cannot find type `Appearance` in module `button`
  --> src\ui\styles.rs:60:55
   |
60 |     fn active(&self, _style: &Self::Style) -> button::Appearance {
   |                                                       ^^^^^^^^^^ not found in `button`

error[E0422]: cannot find struct, variant or union type `Appearance` in module `button`
  --> src\ui\styles.rs:61:17
   |
61 |         button::Appearance {
   |                 ^^^^^^^^^^ not found in `button`

error[E0412]: cannot find type `Appearance` in module `button`
  --> src\ui\styles.rs:73:56
   |
73 |     fn hovered(&self, _style: &Self::Style) -> button::Appearance {
   |                                                        ^^^^^^^^^^ not found in `button`

error[E0422]: cannot find struct, variant or union type `Appearance` in module `button`
  --> src\ui\styles.rs:74:17
   |
74 |         button::Appearance {
   |                 ^^^^^^^^^^ not found in `button`

error[E0412]: cannot find type `Appearance` in module `button`
  --> src\ui\styles.rs:86:56
   |
86 |     fn pressed(&self, _style: &Self::Style) -> button::Appearance {
   |                                                        ^^^^^^^^^^ not found in `button`

error[E0422]: cannot find struct, variant or union type `Appearance` in module `button`
  --> src\ui\styles.rs:87:17
   |
87 |         button::Appearance {
   |                 ^^^^^^^^^^ not found in `button`

warning: unused import: `constants::*`
  --> src\ui\app.rs:22:5
   |
22 | use constants::*;
   |     ^^^^^^^^^^^^
   |
   = note: `#[warn(unused_imports)]` (part of `#[warn(unused)]`) on by default

Some errors have detailed explanations: E0404, E0405, E0412, E0422, E0425, E0433, E0583.
For more information about an error, try `rustc --explain E0404`.
warning: `pexand` (lib) generated 1 warning
error: could not compile `pexand` (lib) due to 142 previous errors; 1 warning emitted
